------------------------------------------------------------
Timing Analyzer Summary
------------------------------------------------------------

Type  : Slow 1100mV 85C Model Setup 'KEY[0]'
Slack : -11.301
TNS   : -19486.215

Type  : Slow 1100mV 85C Model Hold 'KEY[0]'
Slack : 0.926
TNS   : 0.000

Type  : Slow 1100mV 85C Model Minimum Pulse Width 'KEY[0]'
Slack : -0.630
TNS   : -2461.339

Type  : Slow 1100mV 0C Model Setup 'KEY[0]'
Slack : -11.250
TNS   : -19000.847

Type  : Slow 1100mV 0C Model Hold 'KEY[0]'
Slack : 0.925
TNS   : 0.000

Type  : Slow 1100mV 0C Model Minimum Pulse Width 'KEY[0]'
Slack : -0.553
TNS   : -2317.318

Type  : Fast 1100mV 85C Model Setup 'KEY[0]'
Slack : -5.333
TNS   : -8756.580

Type  : Fast 1100mV 85C Model Hold 'KEY[0]'
Slack : 0.443
TNS   : 0.000

Type  : Fast 1100mV 85C Model Minimum Pulse Width 'KEY[0]'
Slack : -0.672
TNS   : -2095.882

Type  : Fast 1100mV 0C Model Setup 'KEY[0]'
Slack : -4.725
TNS   : -7704.346

Type  : Fast 1100mV 0C Model Hold 'KEY[0]'
Slack : 0.410
TNS   : 0.000

Type  : Fast 1100mV 0C Model Minimum Pulse Width 'KEY[0]'
Slack : -0.672
TNS   : -2131.701

------------------------------------------------------------
