------------------------------------------------------------
Timing Analyzer Summary
------------------------------------------------------------

Type  : Slow 1100mV 85C Model Setup 'KEY[0]'
Slack : -8.748
TNS   : -560.926

Type  : Slow 1100mV 85C Model Hold 'KEY[0]'
Slack : 0.441
TNS   : 0.000

Type  : Slow 1100mV 85C Model Minimum Pulse Width 'KEY[0]'
Slack : -0.649
TNS   : -126.437

Type  : Slow 1100mV 0C Model Setup 'KEY[0]'
Slack : -8.486
TNS   : -556.017

Type  : Slow 1100mV 0C Model Hold 'KEY[0]'
Slack : 0.445
TNS   : 0.000

Type  : Slow 1100mV 0C Model Minimum Pulse Width 'KEY[0]'
Slack : -0.556
TNS   : -116.854

Type  : Fast 1100mV 85C Model Setup 'KEY[0]'
Slack : -3.790
TNS   : -220.348

Type  : Fast 1100mV 85C Model Hold 'KEY[0]'
Slack : 0.201
TNS   : 0.000

Type  : Fast 1100mV 85C Model Minimum Pulse Width 'KEY[0]'
Slack : -0.683
TNS   : -109.464

Type  : Fast 1100mV 0C Model Setup 'KEY[0]'
Slack : -3.354
TNS   : -194.096

Type  : Fast 1100mV 0C Model Hold 'KEY[0]'
Slack : 0.189
TNS   : 0.000

Type  : Fast 1100mV 0C Model Minimum Pulse Width 'KEY[0]'
Slack : -0.682
TNS   : -110.800

------------------------------------------------------------
