------------------------------------------------------------
Timing Analyzer Summary
------------------------------------------------------------

Type  : Slow 1100mV 85C Model Setup 'KEY[0]'
Slack : -10.957
TNS   : -18208.716

Type  : Slow 1100mV 85C Model Hold 'KEY[0]'
Slack : 0.817
TNS   : 0.000

Type  : Slow 1100mV 85C Model Minimum Pulse Width 'KEY[0]'
Slack : -0.630
TNS   : -2456.009

Type  : Slow 1100mV 0C Model Setup 'KEY[0]'
Slack : -10.816
TNS   : -17814.403

Type  : Slow 1100mV 0C Model Hold 'KEY[0]'
Slack : 0.795
TNS   : 0.000

Type  : Slow 1100mV 0C Model Minimum Pulse Width 'KEY[0]'
Slack : -0.556
TNS   : -2311.092

Type  : Fast 1100mV 85C Model Setup 'KEY[0]'
Slack : -5.275
TNS   : -8275.778

Type  : Fast 1100mV 85C Model Hold 'KEY[0]'
Slack : 0.394
TNS   : 0.000

Type  : Fast 1100mV 85C Model Minimum Pulse Width 'KEY[0]'
Slack : -0.672
TNS   : -2090.847

Type  : Fast 1100mV 0C Model Setup 'KEY[0]'
Slack : -4.668
TNS   : -7233.110

Type  : Fast 1100mV 0C Model Hold 'KEY[0]'
Slack : 0.358
TNS   : 0.000

Type  : Fast 1100mV 0C Model Minimum Pulse Width 'KEY[0]'
Slack : -0.672
TNS   : -2126.113

------------------------------------------------------------
